system          > 
system          > ConTeXt  ver: 2022.10.15 10:37 LMTX  fmt: 2022.10.21  int: english/english
system          > 
system          > 'cont-new.mkxl' loaded
open source     > level 1, order 1, name 'D:/venvs/context-win64/tex/texmf-context/tex/context/base/mkxl/cont-new.mkxl'
system          > beware: some patches loaded from cont-new.mkiv
close source    > level 1, order 1, name 'D:/venvs/context-win64/tex/texmf-context/tex/context/base/mkxl/cont-new.mkxl'
system          > files > jobname 'd:/ah21/TEX/zhpunc/test/test', input 'd:/ah21/TEX/zhpunc/test/test.lmtx', result 'd:/ah21/TEX/zhpunc/test/test'
fonts           > latin modern fonts are not preloaded
languages       > language 'en' is active
open source     > level 1, order 2, name 'd:/ah21/TEX/zhpunc/test/test.lmtx'
fonts           > bodyfont '10.5pt' is defined (can better be done global)
fonts           > bodyfont '12.6pt' is defined (can better be done global)
fonts           > bodyfont '8.4pt' is defined (can better be done global)
open source     > level 2, order 3, name 'D:/venvs/context-win64/tex/texmf-context/tex/context/fonts/mkiv/type-imp-mscore.mkiv'
close source    > level 2, order 3, name 'D:/venvs/context-win64/tex/texmf-context/tex/context/fonts/mkiv/type-imp-mscore.mkiv'
open source     > level 2, order 4, name 'D:/venvs/context-win64/tex/texmf-context/tex/context/fonts/mkiv/type-imp-cambria.mkiv'
open source     > level 3, order 5, name 'D:/venvs/context-win64/tex/texmf-context/tex/context/fonts/mkiv/type-imp-dejavu.mkiv'
close source    > level 3, order 5, name 'D:/venvs/context-win64/tex/texmf-context/tex/context/fonts/mkiv/type-imp-dejavu.mkiv'
close source    > level 2, order 5, name 'D:/venvs/context-win64/tex/texmf-context/tex/context/fonts/mkiv/type-imp-cambria.mkiv'
modules         > using user prefixed file 's-layout-show'
modules         > 's-layout-show' is loaded
open source     > level 2, order 6, name 'D:/venvs/context-win64/tex/texmf-context/tex/context/modules/mkxl/s-layout-show.mkxl'
loading         > ConTeXt Page Macros / Runtime Macros
resolvers       > lua > loading file 'D:/venvs/context-win64/tex/texmf-context/tex/context/base/mkiv/page-run.lua' succeeded
close source    > level 2, order 6, name 'D:/venvs/context-win64/tex/texmf-context/tex/context/modules/mkxl/s-layout-show.mkxl'
metapost        > initializing instance 'simplefun:1' using format 'metafun' and method 'double'
metapost        > loading 'metafun' as 'D:/venvs/context-win64/tex/texmf-context/metapost/context/base/mpxl/metafun.mpxl' using method 'double'
metapost        > initializing number mode 'double'
metapost        > trace > This is MPLIB for LuaMetaTeX, version 3.14, running in double mode.
metapost        > trace > 
metapost        > trace > loading metafun for lmtx, including the plain 1.004 base definitions
metapost        > trace > 
structure       > sectioning > title @ level 2 : 0.0 -> 测试
structure       > sectioning > section @ level 3 : 0.0.1 -> 完整用例
backend         > xmp > using file 'D:/venvs/context-win64/tex/texmf-context/tex/context/base/mkiv/lpdf-pdx.xml'
pages           > flushing realpage 1, userpage 1, subpage 1
structure       > sectioning > section @ level 3 : 0.0.2 -> 全部标点
visualize       > enabled
5:4: [package: overfull \hbox (0.79999pt too wide) in paragraph at lines 105--105]
5:4: [package: overfull \hbox (0.79999pt too wide) in paragraph at lines 107--107]
5:4: [package: overfull \hbox (0.79999pt too wide) in paragraph at lines 109--109]
structure       > sectioning > section @ level 3 : 0.0.3 -> 标点组与加空
structure       > sectioning > subsection @ level 4 : 0.0.3.1 -> 全角配置（quanjiao
5:4: [package: overfull \hbox (0.79999pt too wide) in paragraph at lines 127--127]
5:4: [package: overfull \hbox (0.79999pt too wide) in paragraph at lines 128--128]
5:4: [package: overfull \hbox (0.79999pt too wide) in paragraph at lines 137--137]
5:4: [package: overfull \hbox (0.79999pt too wide) in paragraph at lines 139--139]
5:4: [package: overfull \hbox (0.79999pt too wide) in paragraph at lines 141--141]
pages           > flushing realpage 2, userpage 2, subpage 2
5:4: [package: overfull \hbox (0.79999pt too wide) in paragraph at lines 143--143]
5:4: [package: overfull \hbox (0.79999pt too wide) in paragraph at lines 145--145]
5:4: [package: overfull \hbox (0.79999pt too wide) in paragraph at lines 147--147]
5:4: [package: overfull \hbox (0.79999pt too wide) in paragraph at lines 149--149]
5:4: [package: overfull \hbox (0.79999pt too wide) in paragraph at lines 153--153]
5:4: [package: overfull \hbox (0.79999pt too wide) in paragraph at lines 155--155]
5:4: [package: overfull \hbox (0.79999pt too wide) in paragraph at lines 157--157]
5:4: [package: overfull \hbox (0.79999pt too wide) in paragraph at lines 159--159]
structure       > sectioning > subsection @ level 4 : 0.0.3.2 -> 半角配置（banjiao）
5:4: [package: overfull \hbox (0.79999pt too wide) in paragraph at lines 168--168]
5:4: [package: overfull \hbox (0.79999pt too wide) in paragraph at lines 170--170]
5:4: [package: overfull \hbox (0.79999pt too wide) in paragraph at lines 172--172]
5:4: [package: overfull \hbox (6.04901pt too wide) in paragraph at lines 174--174]
5:4: [package: overfull \hbox (6.04901pt too wide) in paragraph at lines 176--176]
5:4: [package: overfull \hbox (6.04901pt too wide) in paragraph at lines 178--178]
5:4: [package: overfull \hbox (0.79999pt too wide) in paragraph at lines 180--180]
5:4: [package: overfull \hbox (0.79999pt too wide) in paragraph at lines 182--182]
5:4: [package: overfull \hbox (0.79999pt too wide) in paragraph at lines 184--184]
5:4: [package: overfull \hbox (0.79999pt too wide) in paragraph at lines 186--186]
pages           > flushing realpage 3, userpage 3, subpage 3
5:4: [package: overfull \hbox (0.79999pt too wide) in paragraph at lines 188--188]
5:4: [package: overfull \hbox (6.04901pt too wide) in paragraph at lines 190--190]
5:4: [package: overfull \hbox (0.79999pt too wide) in paragraph at lines 192--192]
5:4: [package: overfull \hbox (0.79999pt too wide) in paragraph at lines 194--194]
5:4: [package: overfull \hbox (0.79999pt too wide) in paragraph at lines 196--196]
structure       > sectioning > subsection @ level 4 : 0.0.3.3 -> 开明配置（kaiming）
5:4: [package: overfull \hbox (0.79999pt too wide) in paragraph at lines 202--202]
5:4: [package: overfull \hbox (0.79999pt too wide) in paragraph at lines 202--202]
5:4: [package: overfull \hbox (0.79999pt too wide) in paragraph at lines 205--205]
5:4: [package: overfull \hbox (0.79999pt too wide) in paragraph at lines 207--207]
5:4: [package: overfull \hbox (0.79999pt too wide) in paragraph at lines 209--209]
5:4: [package: overfull \hbox (0.79999pt too wide) in paragraph at lines 211--211]
5:4: [package: overfull \hbox (0.79999pt too wide) in paragraph at lines 213--213]
5:4: [package: overfull \hbox (0.79999pt too wide) in paragraph at lines 215--215]
5:4: [package: overfull \hbox (0.79999pt too wide) in paragraph at lines 217--217]
5:4: [package: overfull \hbox (0.79999pt too wide) in paragraph at lines 219--219]
5:4: [package: overfull \hbox (0.79999pt too wide) in paragraph at lines 221--221]
5:4: [package: overfull \hbox (0.79999pt too wide) in paragraph at lines 223--223]
5:4: [package: overfull \hbox (0.79999pt too wide) in paragraph at lines 225--225]
5:4: [package: overfull \hbox (0.79999pt too wide) in paragraph at lines 227--227]
5:4: [package: overfull \hbox (0.79999pt too wide) in paragraph at lines 229--229]
5:4: [package: overfull \hbox (0.79999pt too wide) in paragraph at lines 231--231]
5:4: [package: overfull \hbox (0.79999pt too wide) in paragraph at lines 233--233]
pages           > flushing realpage 4, userpage 4, subpage 4
structure       > sectioning > subsection @ level 4 : 0.0.3.4 -> 行间配置（hangjian）
structure       > sectioning > subsection @ level 4 : 0.0.3.5 -> 原样配置（yuanyang）
structure       > sectioning > subsection @ level 4 : 0.0.3.6 -> 竖排开明
5:4: [package: overfull \hbox (0.79999pt too wide) in paragraph at lines 249--249]
5:4: [package: overfull \hbox (0.79999pt too wide) in paragraph at lines 251--251]
5:4: [package: overfull \hbox (0.79999pt too wide) in paragraph at lines 253--253]
5:4: [package: overfull \hbox (0.79999pt too wide) in paragraph at lines 255--255]
5:4: [package: overfull \hbox (0.79999pt too wide) in paragraph at lines 259--259]
5:4: [package: overfull \hbox (0.79999pt too wide) in paragraph at lines 261--261]
5:4: [package: overfull \hbox (0.79999pt too wide) in paragraph at lines 263--263]
structure       > sectioning > subsection @ level 4 : 0.0.3.7 -> 竖排全角
5:4: [package: overfull \hbox (0.79999pt too wide) in paragraph at lines 268--268]
5:4: [package: overfull \hbox (0.79999pt too wide) in paragraph at lines 270--270]
pages           > flushing realpage 5, userpage 5, subpage 5
5:4: [package: overfull \hbox (0.79999pt too wide) in paragraph at lines 278--278]
5:4: [package: overfull \hbox (0.79999pt too wide) in paragraph at lines 282--282]
pages           > flushing realpage 6, userpage 6, subpage 6
close source    > level 1, order 6, name 'd:/ah21/TEX/zhpunc/test/test.lmtx'
system          > start used files
system          > text: test
system          > stop used files
system          > start used files
system          >    1: filename=publ-imp-default.lua filetype=scripts foundname=D:/venvs/context-win64/tex/texmf-context/tex/context/base/mkiv/publ-imp-default.lua fullname=D:/venvs/context-win64/tex/texmf-context/tex/context/base/mkiv/publ-imp-default.lua usedmethod=database
system          >    2: filename=cont-new.mkxl filetype=tex foundname=D:/venvs/context-win64/tex/texmf-context/tex/context/base/mkxl/cont-new.mkxl fullname=D:/venvs/context-win64/tex/texmf-context/tex/context/base/mkxl/cont-new.mkxl usedmethod=database
system          >    3: filename=lang-exc.lua filetype=scripts foundname=D:/venvs/context-win64/tex/texmf-context/tex/context/base/mkiv/lang-exc.lua fullname=D:/venvs/context-win64/tex/texmf-context/tex/context/base/mkiv/lang-exc.lua usedmethod=database
system          >    4: filename=lang-us.lua filetype=scripts foundname=D:/venvs/context-win64/tex/texmf-context/tex/context/patterns/mkiv/lang-us.lua fullname=D:/venvs/context-win64/tex/texmf-context/tex/context/patterns/mkiv/lang-us.lua usedmethod=database
system          >    5: filename=d:/ah21/TEX/zhpunc/test/test.lmtx format=tex foundname=d:/ah21/TEX/zhpunc/test/test.lmtx fullname=d:/ah21/TEX/zhpunc/test/test.lmtx usedmethod=direct
system          >    6: filename=type-imp-mscore.mkiv filetype=tex foundname=D:/venvs/context-win64/tex/texmf-context/tex/context/fonts/mkiv/type-imp-mscore.mkiv fullname=D:/venvs/context-win64/tex/texmf-context/tex/context/fonts/mkiv/type-imp-mscore.mkiv usedmethod=database
system          >    7: filename=type-imp-cambria.mkiv filetype=tex foundname=D:/venvs/context-win64/tex/texmf-context/tex/context/fonts/mkiv/type-imp-cambria.mkiv fullname=D:/venvs/context-win64/tex/texmf-context/tex/context/fonts/mkiv/type-imp-cambria.mkiv usedmethod=database
system          >    8: filename=type-imp-dejavu.mkiv filetype=tex foundname=D:/venvs/context-win64/tex/texmf-context/tex/context/fonts/mkiv/type-imp-dejavu.mkiv fullname=D:/venvs/context-win64/tex/texmf-context/tex/context/fonts/mkiv/type-imp-dejavu.mkiv usedmethod=database
system          >    9: filename=cambria-math.lfg filetype=tex foundname=D:/venvs/context-win64/tex/texmf-context/tex/context/fonts/mkiv/cambria-math.lfg fullname=D:/venvs/context-win64/tex/texmf-context/tex/context/fonts/mkiv/cambria-math.lfg usedmethod=database
system          >   10: filename=common-math.lfg filetype=tex foundname=D:/venvs/context-win64/tex/texmf-context/tex/context/fonts/mkiv/common-math.lfg fullname=D:/venvs/context-win64/tex/texmf-context/tex/context/fonts/mkiv/common-math.lfg usedmethod=database
system          >   11: filename=stfangso.ttf filetype=ttf format=ttf foundname=c:/windows/fonts/stfangso.ttf fullname=c:/windows/fonts/stfangso.ttf usedmethod=filesystem
system          >   12: filename=c:/windows/fonts/cambria.ttc format=ttc foundname=c:/windows/fonts/cambria.ttc fullname=c:/windows/fonts/cambria.ttc usedmethod=direct
system          >   13: filename=D:\ah21\TEX\zhpunc/t-zhpunc.lua foundname=D:/ah21/TEX/zhpunc/t-zhpunc.lua fullname=D:/ah21/TEX/zhpunc/t-zhpunc.lua usedmethod=direct
system          >   14: filename=s-layout-show.mkxl filetype=tex foundname=D:/venvs/context-win64/tex/texmf-context/tex/context/modules/mkxl/s-layout-show.mkxl fullname=D:/venvs/context-win64/tex/texmf-context/tex/context/modules/mkxl/s-layout-show.mkxl usedmethod=database
system          >   15: filename=page-run.lua filetype=tex format=tex foundname=D:/venvs/context-win64/tex/texmf-context/tex/context/base/mkiv/page-run.lua fullname=D:/venvs/context-win64/tex/texmf-context/tex/context/base/mkiv/page-run.lua usedmethod=database
system          >   16: filename=metafun.mpxl filetype=mp foundname=D:/venvs/context-win64/tex/texmf-context/metapost/context/base/mpxl/metafun.mpxl fullname=D:/venvs/context-win64/tex/texmf-context/metapost/context/base/mpxl/metafun.mpxl usedmethod=database
system          >   17: filename=mp-base.mpxl filetype=mp foundname=D:/venvs/context-win64/tex/texmf-context/metapost/context/base/mpxl/mp-base.mpxl fullname=D:/venvs/context-win64/tex/texmf-context/metapost/context/base/mpxl/mp-base.mpxl usedmethod=database
system          >   18: filename=mp-tool.mpxl filetype=mp foundname=D:/venvs/context-win64/tex/texmf-context/metapost/context/base/mpxl/mp-tool.mpxl fullname=D:/venvs/context-win64/tex/texmf-context/metapost/context/base/mpxl/mp-tool.mpxl usedmethod=database
system          >   19: filename=mp-luas.mpxl filetype=mp foundname=D:/venvs/context-win64/tex/texmf-context/metapost/context/base/mpxl/mp-luas.mpxl fullname=D:/venvs/context-win64/tex/texmf-context/metapost/context/base/mpxl/mp-luas.mpxl usedmethod=database
system          >   20: filename=mp-mlib.mpxl filetype=mp foundname=D:/venvs/context-win64/tex/texmf-context/metapost/context/base/mpxl/mp-mlib.mpxl fullname=D:/venvs/context-win64/tex/texmf-context/metapost/context/base/mpxl/mp-mlib.mpxl usedmethod=database
system          >   21: filename=mp-math.mpxl filetype=mp foundname=D:/venvs/context-win64/tex/texmf-context/metapost/context/base/mpxl/mp-math.mpxl fullname=D:/venvs/context-win64/tex/texmf-context/metapost/context/base/mpxl/mp-math.mpxl usedmethod=database
system          >   22: filename=mp-cont.mpxl filetype=mp foundname=D:/venvs/context-win64/tex/texmf-context/metapost/context/base/mpxl/mp-cont.mpxl fullname=D:/venvs/context-win64/tex/texmf-context/metapost/context/base/mpxl/mp-cont.mpxl usedmethod=database
system          >   23: filename=mp-page.mpxl filetype=mp foundname=D:/venvs/context-win64/tex/texmf-context/metapost/context/base/mpxl/mp-page.mpxl fullname=D:/venvs/context-win64/tex/texmf-context/metapost/context/base/mpxl/mp-page.mpxl usedmethod=database
system          >   24: filename=mp-butt.mpxl filetype=mp foundname=D:/venvs/context-win64/tex/texmf-context/metapost/context/base/mpxl/mp-butt.mpxl fullname=D:/venvs/context-win64/tex/texmf-context/metapost/context/base/mpxl/mp-butt.mpxl usedmethod=database
system          >   25: filename=mp-shap.mpxl filetype=mp foundname=D:/venvs/context-win64/tex/texmf-context/metapost/context/base/mpxl/mp-shap.mpxl fullname=D:/venvs/context-win64/tex/texmf-context/metapost/context/base/mpxl/mp-shap.mpxl usedmethod=database
system          >   26: filename=mp-grph.mpxl filetype=mp foundname=D:/venvs/context-win64/tex/texmf-context/metapost/context/base/mpxl/mp-grph.mpxl fullname=D:/venvs/context-win64/tex/texmf-context/metapost/context/base/mpxl/mp-grph.mpxl usedmethod=database
system          >   27: filename=mp-grid.mpxl filetype=mp foundname=D:/venvs/context-win64/tex/texmf-context/metapost/context/base/mpxl/mp-grid.mpxl fullname=D:/venvs/context-win64/tex/texmf-context/metapost/context/base/mpxl/mp-grid.mpxl usedmethod=database
system          >   28: filename=mp-form.mpxl filetype=mp foundname=D:/venvs/context-win64/tex/texmf-context/metapost/context/base/mpxl/mp-form.mpxl fullname=D:/venvs/context-win64/tex/texmf-context/metapost/context/base/mpxl/mp-form.mpxl usedmethod=database
system          >   29: filename=mp-figs.mpxl filetype=mp foundname=D:/venvs/context-win64/tex/texmf-context/metapost/context/base/mpxl/mp-figs.mpxl fullname=D:/venvs/context-win64/tex/texmf-context/metapost/context/base/mpxl/mp-figs.mpxl usedmethod=database
system          >   30: filename=mp-func.mpxl filetype=mp foundname=D:/venvs/context-win64/tex/texmf-context/metapost/context/base/mpxl/mp-func.mpxl fullname=D:/venvs/context-win64/tex/texmf-context/metapost/context/base/mpxl/mp-func.mpxl usedmethod=database
system          >   31: filename=mp-node.mpxl filetype=mp foundname=D:/venvs/context-win64/tex/texmf-context/metapost/context/base/mpxl/mp-node.mpxl fullname=D:/venvs/context-win64/tex/texmf-context/metapost/context/base/mpxl/mp-node.mpxl usedmethod=database
system          >   32: filename=mp-apos.mpxl filetype=mp foundname=D:/venvs/context-win64/tex/texmf-context/metapost/context/base/mpxl/mp-apos.mpxl fullname=D:/venvs/context-win64/tex/texmf-context/metapost/context/base/mpxl/mp-apos.mpxl usedmethod=database
system          >   33: filename=mp-abck.mpxl filetype=mp foundname=D:/venvs/context-win64/tex/texmf-context/metapost/context/base/mpxl/mp-abck.mpxl fullname=D:/venvs/context-win64/tex/texmf-context/metapost/context/base/mpxl/mp-abck.mpxl usedmethod=database
system          >   34: filename=mp-asnc.mpxl filetype=mp foundname=D:/venvs/context-win64/tex/texmf-context/metapost/context/base/mpxl/mp-asnc.mpxl fullname=D:/venvs/context-win64/tex/texmf-context/metapost/context/base/mpxl/mp-asnc.mpxl usedmethod=database
system          >   35: filename=mp-blob.mpxl filetype=mp foundname=D:/venvs/context-win64/tex/texmf-context/metapost/context/base/mpxl/mp-blob.mpxl fullname=D:/venvs/context-win64/tex/texmf-context/metapost/context/base/mpxl/mp-blob.mpxl usedmethod=database
system          >   36: filename=mp-lmtx.mpxl filetype=mp foundname=D:/venvs/context-win64/tex/texmf-context/metapost/context/base/mpxl/mp-lmtx.mpxl fullname=D:/venvs/context-win64/tex/texmf-context/metapost/context/base/mpxl/mp-lmtx.mpxl usedmethod=database
system          >   37: filename=mp-text.mpxl filetype=mp foundname=D:/venvs/context-win64/tex/texmf-context/metapost/context/base/mpxl/mp-text.mpxl fullname=D:/venvs/context-win64/tex/texmf-context/metapost/context/base/mpxl/mp-text.mpxl usedmethod=database
system          >   38: filename=mp-miss.mpxl filetype=mp foundname=D:/venvs/context-win64/tex/texmf-context/metapost/context/base/mpxl/mp-miss.mpxl fullname=D:/venvs/context-win64/tex/texmf-context/metapost/context/base/mpxl/mp-miss.mpxl usedmethod=database
system          >   39: filename=stkaiti.ttf filetype=ttf format=ttf foundname=c:/windows/fonts/stkaiti.ttf fullname=c:/windows/fonts/stkaiti.ttf usedmethod=filesystem
system          >   40: filename=lpdf-pdx.xml filetype=tex foundname=D:/venvs/context-win64/tex/texmf-context/tex/context/base/mkiv/lpdf-pdx.xml fullname=D:/venvs/context-win64/tex/texmf-context/tex/context/base/mkiv/lpdf-pdx.xml usedmethod=database
system          >   41: filename=lmmonoltcond10-regular.otf filetype=otf format=otf foundname=D:/venvs/context-win64/tex/texmf/fonts/data/gust/lm/lmmonoltcond10-regular.otf fullname=D:/venvs/context-win64/tex/texmf/fonts/data/gust/lm/lmmonoltcond10-regular.otf usedmethod=database
system          > stop used files
system          > start commandline options
system          > currentrun="1"
system          > fulljobname="d:/ah21/TEX/zhpunc/test/test.lmtx"
system          > input="d:/ah21/TEX/zhpunc/test/test.lmtx"
system          > kindofrun="1"
system          > maxnofruns="9"
system          > texmfbinpath="D:/venvs/context-win64/tex/texmf-win64/bin"
system          > stop commandline options
system          > start commandline files
system          >    1: d:/ah21/TEX/zhpunc/test/test.lmtx
system          > stop commandline files
modules         > start used modules
modules         > loaded : *-s-layout-show
modules         > stop used modules
system          > 
system          > status after finishing run
system          > 
system          >   -----------------------------------------------------------------------------------------------------------------------------------------------------------------------------------
system          >           string       pool       hash     lookup       node      token     buffer      input       file       nest  parameter       save       font   language       mark     insert
system          >   -----------------------------------------------------------------------------------------------------------------------------------------------------------------------------------
system          >   max    2097152  100000000    2097152    2097152  100000000   10000000  100000000     100000       2000      10000     100000     500000     100000      10000      10000        500
system          >   min     150000   10000000     150000     150000    2000000    1000000    1000000      10000        500       1000      20000     100000        250        250         50         10
system          >   set     500000   10000000     250000     250000   50000000   10000000   10000000     100000       2000      10000     100000     500000     100000        250        250        250
system          >   stp     100000    1000000     100000     100000     500000     250000    1000000      10000        250       1000      10000      10000        250        250         50         25
system          > 
system          >   mem     150000     949726     150000               2000000    1000000    1000000      10000        500       1000      20000      10000   11900228        144       1200        320
system          >   all    2400000     949726    2400000              18000000    8000000    1000000     320000      16000      72000      80000     160000   11900228        144      28800      10240
system          > 
system          >   ini    2144001     884084          0      46833          0     513795                                                                                       0                      
system          >   ptr      49228                  9680      49212                582252          0          0          0          0          0          0         10          0         28          7
system          >   top      49229                740850     131074      90278     571705        405         39          7         12         42        451        250        250         50         10
system          >   -----------------------------------------------------------------------------------------------------------------------------------------------------------------------------------
system          > 
system          >   current input type    : initial
system          > 
system          >   approximate memory    : 49742370 (47 MB)
system          > 
system          >   expansion depth       : min: 10000, max: 1000000, set: 10000, top: 9
system          > 
system          >   luabytecode registers : 1006
system          >   luabytecode bytes     : 16112 (0 MB)
system          >   luastate bytes now    : 151048425 (144 MB)
system          >   luastate bytes max    : 151149276 (144 MB)
system          > 
system          >   file callbacks        : 900
system          >   saved callbacks       : 2646
system          >   direct callbacks      : 4
system          >   function callbacks    : 1944
system          >   value callbacks       : 7
system          >   message callbacks     : 0
system          >   bytecode callbacks    : 612
system          > 
system          >   mp instances          : 1
system          >   mp estimated memory   : 4014624 (3 MB)
system          >   mp file callbacks     : 13590
system          >   mp text callbacks     : 0
system          >   mp script callbacks   : 382
system          >   mp log callbacks      : 14
system          > 
system          >   total callbacks       : 6113
system          >   mp total callbacks    : 13986
system          >   backend callbacks     : 0
system          > 
mkiv lua stats  > used config file: selfautoparent:/texmf/web2c/texmfcnf.lua
mkiv lua stats  > used cache path: D:/venvs/context-win64/tex/texmf-cache/luametatex-cache/context/5fe67e0bfe781ce0dde776fb1556f32e
mkiv lua stats  > resource resolver: loadtime 0.006 seconds, 0 scans with scantime 0.000 seconds, 0 shared scans, 41 found files, scanned paths: <none>
mkiv lua stats  > stored bytecode data: 506 modules (0.211 sec), 106 tables (0.012 sec), 612 chunks (0.223 sec)
mkiv lua stats  > traced context: maxstack: 1651, freed: 0, unreachable: 1651
mkiv lua stats  > cleaned up reserved nodes: 84 nodes, 8 lists of 434
mkiv lua stats  > node memory usage: 408 attribute, 78 dir, 2 glue, 80 gluespec, 186 hlist, 3 kern, 647 mathspec, 13 penalty, 182 rule, 2 temp, 4 whatsit
mkiv lua stats  > node list callback tasks: 13 unique task lists, 10 instances (re)created, 1195 calls
mkiv lua stats  > attribute processing time: 0.024 seconds front- and backend
mkiv lua stats  > driver time: 0.064 seconds 
mkiv lua stats  > used backend: pdf
mkiv lua stats  > jobdata time: 0.004 seconds saving, 0.001 seconds loading
mkiv lua stats  > callbacks: file: 900, saved: 2646, direct: 4, function: 1944, value: 7, message: 0, bytecode: 612, late 0, total: 6113 (1019 per page)
mkiv lua stats  > randomizer: resumed with value 0.77402901098547
mkiv lua stats  > loaded tex modules: 1 requested, all found (*-s-layout-show)
mkiv lua stats  > loaded patterns: cn::57 en::1, load time: 0.000
mkiv lua stats  > loaded fonts: 4 files: cambria.ttc, stfangso.ttf, stkaiti.ttf, lmmonoltcond10-regular.otf
mkiv lua stats  > font engine: otf 3.121, afm 1.513, tfm 1.000, 9 instances, 3 shared in backend, 1 common vectors, 2 common hashes, load time 0.531 seconds 
mkiv lua stats  > body font sizes: defined: 10pt 11pt 12pt 14.4pt 17.3pt 20.7pt 4pt 5pt 6pt 7pt 8pt 9pt, undefined: 10.5pt 12.6pt 8.4pt
mkiv lua stats  > visualization time: 0.010 seconds
mkiv lua stats  > metapost: 0.001 seconds, loading: 0.039, execution: 0.001, n: 2, average: 0.020, instances: 1, luacalls: 13986 (file: 13590, text: 0, script: 382, log: 14), memory: 3.829 M
mkiv lua stats  > page group warning: transparencies are used but no pagecolormodel is set
mkiv lua stats  > font embedding time: 0.056 seconds, 3 fonts
mkiv lua stats  > result saved in file: d:/ah21/TEX/zhpunc/test/test.pdf, compresslevel 1, objectcompresslevel 3
mkiv lua stats  > positions: 4 collected, 0 deltas, 0 shared partials, 0 partial entries
mkiv lua stats  > used platform: win64, type: windows, binary subtree: texmf-win64
mkiv lua stats  > used engine: luametatex version: 2.1001, functionality level: 20221014, format id: 674, compiler: gcc
mkiv lua stats  > tex properties: 740850 hash slots used of 2097152, 49212 control sequences, approximate memory usage: 47 MB
mkiv lua stats  > lua properties: engine: lua 5.4, used memory: 149 MB, ctx: 144 MB, max: 144 MB, symbol mask: utf (τεχ)
mkiv lua stats  > runtime: 1.417 seconds, 6 processed pages, 6 shipped pages, 4.234 pages/second
